src/lib/sanity/live.ts(1,10): error TS2305: Module '"next-sanity"' has no exported member 'defineLive'.
